[INFO] Scanning for projects...
[INFO] 
[INFO] ----------------< br.ufes.edu.compiladores:go-compiler >----------------
[INFO] Building Compilador de GO 1.0-SNAPSHOT
[INFO] --------------------------------[ jar ]---------------------------------
[INFO] 
[INFO] --- exec-maven-plugin:3.0.0:java (default-cli) @ go-compiler ---
PARSE SUCCESSFUL



Strings table:




Variables table:
Entry 0 -- name: testeOperacao, line: 3, type: func, scopeName: global
Entry 1 -- name: int1, line: 4, type: int, scopeName: testeOperacao
Entry 2 -- name: int2, line: 5, type: int, scopeName: testeOperacao
Entry 3 -- name: add, line: 7, type: int, scopeName: testeOperacao
Entry 4 -- name: sub, line: 8, type: int, scopeName: testeOperacao
Entry 5 -- name: mul, line: 9, type: int, scopeName: testeOperacao
Entry 6 -- name: div, line: 10, type: int, scopeName: testeOperacao
Entry 7 -- name: eq, line: 12, type: bool, scopeName: testeOperacao
Entry 8 -- name: lt, line: 13, type: bool, scopeName: testeOperacao
Entry 9 -- name: gt, line: 14, type: bool, scopeName: testeOperacao




[INFO] ------------------------------------------------------------------------
[INFO] BUILD SUCCESS
[INFO] ------------------------------------------------------------------------
[INFO] Total time:  0.793 s
[INFO] Finished at: 2022-02-24T20:53:44-03:00
[INFO] ------------------------------------------------------------------------
