[INFO] Scanning for projects...
[INFO] 
[INFO] ----------------< br.ufes.edu.compiladores:go-compiler >----------------
[INFO] Building Compilador de GO 1.0-SNAPSHOT
[INFO] --------------------------------[ jar ]---------------------------------
[INFO] 
[INFO] --- exec-maven-plugin:3.0.0:java (default-cli) @ go-compiler ---
PARSE SUCCESSFUL



Strings table:
Entry 0: A é maior que 0
Entry 1: True
Entry 2: False
Entry 3: A é menor igual a 2
Entry 4: A maior igual a 5




Variables table:
Entry 0 -- name: fmt, line: 3, type: no_type, scopeName: global
Entry 1 -- name: Println, line: 3, type: no_type, scopeName: global
Entry 2 -- name: arg, line: 3, type: string, scopeName: Println
Entry 3 -- name: Scanln, line: 3, type: no_type, scopeName: global
Entry 4 -- name: arg, line: 3, type: string, scopeName: Scanln
Entry 5 -- name: testeIf, line: 5, type: func, scopeName: global
Entry 6 -- name: a, line: 7, type: int, scopeName: testeIf
Entry 7 -- name: b, line: 9, type: bool, scopeName: testeIf
Entry 8 -- name: c, line: 10, type: bool, scopeName: testeIf




[INFO] ------------------------------------------------------------------------
[INFO] BUILD SUCCESS
[INFO] ------------------------------------------------------------------------
[INFO] Total time:  0.953 s
[INFO] Finished at: 2022-02-24T20:53:52-03:00
[INFO] ------------------------------------------------------------------------
