[INFO] Scanning for projects...
[INFO] 
[INFO] ----------------< br.ufes.edu.compiladores:go-compiler >----------------
[INFO] Building Compilador de GO 1.0-SNAPSHOT
[INFO] --------------------------------[ jar ]---------------------------------
[INFO] 
[INFO] --- exec-maven-plugin:3.0.0:java (default-cli) @ go-compiler ---
SEMANTIC ERROR (6): array length needs to be of type int
